2026-03-05 10:24:41 INFO  [] [main] com.planit.PlanitApplication : Starting PlanitApplication using Java 21.0.9 with PID 42636 (C:\workspace\PlanIt\PlanIt-Insight-svc\build\classes\java\main started by DS11 in C:\workspace\PlanIt\PlanIt-Insight-svc)
2026-03-05 10:24:41 INFO  [] [main] com.planit.PlanitApplication : No active profile set, falling back to 1 default profile: "default"
2026-03-05 10:24:42 INFO  [] [main] o.s.d.r.c.RepositoryConfigurationDelegate : Bootstrapping Spring Data JPA repositories in DEFAULT mode.
2026-03-05 10:24:42 INFO  [] [main] o.s.d.r.c.RepositoryConfigurationDelegate : Finished Spring Data repository scanning in 136 ms. Found 2 JPA repository interfaces.
2026-03-05 10:24:43 INFO  [] [main] o.s.b.w.e.tomcat.TomcatWebServer : Tomcat initialized with port 8080 (http)
2026-03-05 10:24:43 INFO  [] [main] o.a.coyote.http11.Http11NioProtocol : Initializing ProtocolHandler ["http-nio-8080"]
2026-03-05 10:24:43 INFO  [] [main] o.a.catalina.core.StandardService : Starting service [Tomcat]
2026-03-05 10:24:43 INFO  [] [main] o.a.catalina.core.StandardEngine : Starting Servlet engine: [Apache Tomcat/10.1.52]
2026-03-05 10:24:43 INFO  [] [main] o.a.c.c.C.[Tomcat].[localhost].[/] : Initializing Spring embedded WebApplicationContext
2026-03-05 10:24:43 INFO  [] [main] o.s.b.w.s.c.ServletWebServerApplicationContext : Root WebApplicationContext: initialization completed in 2020 ms
2026-03-05 10:24:43 INFO  [] [main] o.h.jpa.internal.util.LogHelper : HHH000204: Processing PersistenceUnitInfo [name: default]
2026-03-05 10:24:43 INFO  [] [main] org.hibernate.Version : HHH000412: Hibernate ORM core version 6.6.42.Final
2026-03-05 10:24:43 INFO  [] [main] o.h.c.i.RegionFactoryInitiator : HHH000026: Second-level cache disabled
2026-03-05 10:24:43 INFO  [] [main] o.s.o.j.p.SpringPersistenceUnitInfo : No LoadTimeWeaver setup: ignoring JPA class transformer
2026-03-05 10:24:43 INFO  [] [main] com.zaxxer.hikari.HikariDataSource : HikariPool-1 - Starting...
2026-03-05 10:24:43 INFO  [] [main] com.zaxxer.hikari.pool.HikariPool : HikariPool-1 - Added connection org.mariadb.jdbc.Connection@5186c801
2026-03-05 10:24:43 INFO  [] [main] com.zaxxer.hikari.HikariDataSource : HikariPool-1 - Start completed.
2026-03-05 10:24:43 INFO  [] [main] o.hibernate.orm.connections.pooling : HHH10001005: Database info:
	Database JDBC URL [Connecting through datasource 'HikariDataSource (HikariPool-1)']
	Database driver: undefined/unknown
	Database version: 11.8.3
	Autocommit mode: undefined/unknown
	Isolation level: undefined/unknown
	Minimum pool size: undefined/unknown
	Maximum pool size: undefined/unknown
2026-03-05 10:24:44 INFO  [] [main] o.h.e.t.j.p.i.JtaPlatformInitiator : HHH000489: No JTA platform available (set 'hibernate.transaction.jta.platform' to enable JTA platform integration)
2026-03-05 10:24:44 INFO  [] [main] o.s.o.j.LocalContainerEntityManagerFactoryBean : Initialized JPA EntityManagerFactory for persistence unit 'default'
2026-03-05 10:24:44 WARN  [] [main] o.s.b.w.s.c.AnnotationConfigServletWebServerApplicationContext : Exception encountered during context initialization - cancelling refresh attempt: org.springframework.beans.factory.UnsatisfiedDependencyException: Error creating bean with name 'restApiAdapter' defined in file [C:\workspace\PlanIt\PlanIt-Insight-svc\build\classes\java\main\com\planit\analytics\adapter\RestApiAdapter.class]: Unsatisfied dependency expressed through constructor parameter 0: Error creating bean with name 'aiServiceClient' defined in file [C:\workspace\PlanIt\PlanIt-Insight-svc\build\classes\java\main\com\planit\analytics\client\AiServiceClient.class]: Unsatisfied dependency expressed through constructor parameter 0: No qualifying bean of type 'org.springframework.web.reactive.function.client.WebClient' available: expected single matching bean but found 2: aiServiceWebClient,defaultWebClient
2026-03-05 10:24:44 INFO  [] [main] o.s.o.j.LocalContainerEntityManagerFactoryBean : Closing JPA EntityManagerFactory for persistence unit 'default'
2026-03-05 10:24:44 INFO  [] [main] com.zaxxer.hikari.HikariDataSource : HikariPool-1 - Shutdown initiated...
2026-03-05 10:24:44 INFO  [] [main] com.zaxxer.hikari.HikariDataSource : HikariPool-1 - Shutdown completed.
2026-03-05 10:24:44 INFO  [] [main] o.a.catalina.core.StandardService : Stopping service [Tomcat]
2026-03-05 10:24:44 INFO  [] [main] o.s.b.a.l.ConditionEvaluationReportLogger : 

Error starting ApplicationContext. To display the condition evaluation report re-run your application with 'debug' enabled.
2026-03-05 10:24:44 ERROR [] [main] o.s.b.d.LoggingFailureAnalysisReporter : 

***************************
APPLICATION FAILED TO START
***************************

Description:

Parameter 0 of constructor in com.planit.analytics.client.AiServiceClient required a single bean, but 2 were found:
	- aiServiceWebClient: defined by method 'aiServiceWebClient' in class path resource [com/planit/config/WebClientConfig.class]
	- defaultWebClient: defined by method 'defaultWebClient' in class path resource [com/planit/config/WebClientConfig.class]

This may be due to missing parameter name information

Action:

Consider marking one of the beans as @Primary, updating the consumer to accept multiple beans, or using @Qualifier to identify the bean that should be consumed

Ensure that your compiler is configured to use the '-parameters' flag.
You may need to update both your build tool settings as well as your IDE.
(See https://github.com/spring-projects/spring-framework/wiki/Spring-Framework-6.1-Release-Notes#parameter-name-retention)


2026-03-05 10:28:26 INFO  [] [main] com.planit.PlanitApplication : Starting PlanitApplication using Java 21.0.9 with PID 16156 (C:\workspace\PlanIt\PlanIt-Insight-svc\build\classes\java\main started by DS11 in C:\workspace\PlanIt\PlanIt-Insight-svc)
2026-03-05 10:28:26 INFO  [] [main] com.planit.PlanitApplication : No active profile set, falling back to 1 default profile: "default"
2026-03-05 10:28:27 INFO  [] [main] o.s.d.r.c.RepositoryConfigurationDelegate : Bootstrapping Spring Data JPA repositories in DEFAULT mode.
2026-03-05 10:28:27 INFO  [] [main] o.s.d.r.c.RepositoryConfigurationDelegate : Finished Spring Data repository scanning in 131 ms. Found 2 JPA repository interfaces.
2026-03-05 10:28:28 INFO  [] [main] o.s.b.w.e.tomcat.TomcatWebServer : Tomcat initialized with port 8080 (http)
2026-03-05 10:28:28 INFO  [] [main] o.a.coyote.http11.Http11NioProtocol : Initializing ProtocolHandler ["http-nio-8080"]
2026-03-05 10:28:28 INFO  [] [main] o.a.catalina.core.StandardService : Starting service [Tomcat]
2026-03-05 10:28:28 INFO  [] [main] o.a.catalina.core.StandardEngine : Starting Servlet engine: [Apache Tomcat/10.1.52]
2026-03-05 10:28:28 INFO  [] [main] o.a.c.c.C.[Tomcat].[localhost].[/] : Initializing Spring embedded WebApplicationContext
2026-03-05 10:28:28 INFO  [] [main] o.s.b.w.s.c.ServletWebServerApplicationContext : Root WebApplicationContext: initialization completed in 1837 ms
2026-03-05 10:28:28 INFO  [] [main] o.h.jpa.internal.util.LogHelper : HHH000204: Processing PersistenceUnitInfo [name: default]
2026-03-05 10:28:28 INFO  [] [main] org.hibernate.Version : HHH000412: Hibernate ORM core version 6.6.42.Final
2026-03-05 10:28:28 INFO  [] [main] o.h.c.i.RegionFactoryInitiator : HHH000026: Second-level cache disabled
2026-03-05 10:28:28 INFO  [] [main] o.s.o.j.p.SpringPersistenceUnitInfo : No LoadTimeWeaver setup: ignoring JPA class transformer
2026-03-05 10:28:28 INFO  [] [main] com.zaxxer.hikari.HikariDataSource : HikariPool-1 - Starting...
2026-03-05 10:28:28 INFO  [] [main] com.zaxxer.hikari.pool.HikariPool : HikariPool-1 - Added connection org.mariadb.jdbc.Connection@72015156
2026-03-05 10:28:28 INFO  [] [main] com.zaxxer.hikari.HikariDataSource : HikariPool-1 - Start completed.
2026-03-05 10:28:29 INFO  [] [main] o.hibernate.orm.connections.pooling : HHH10001005: Database info:
	Database JDBC URL [Connecting through datasource 'HikariDataSource (HikariPool-1)']
	Database driver: undefined/unknown
	Database version: 11.8.3
	Autocommit mode: undefined/unknown
	Isolation level: undefined/unknown
	Minimum pool size: undefined/unknown
	Maximum pool size: undefined/unknown
2026-03-05 10:28:29 INFO  [] [main] o.h.e.t.j.p.i.JtaPlatformInitiator : HHH000489: No JTA platform available (set 'hibernate.transaction.jta.platform' to enable JTA platform integration)
2026-03-05 10:28:29 INFO  [] [main] o.s.o.j.LocalContainerEntityManagerFactoryBean : Initialized JPA EntityManagerFactory for persistence unit 'default'
2026-03-05 10:28:30 INFO  [] [main] com.planit.config.WebClientConfig : WebClient initialized for AI Service: baseUrl=http://localhost:8085, timeout=60000ms
2026-03-05 10:28:31 INFO  [] [main] o.s.d.j.r.query.QueryEnhancerFactory : Hibernate is in classpath; If applicable, HQL parser will be used.
2026-03-05 10:28:31 WARN  [] [main] o.s.b.a.o.j.JpaBaseConfiguration$JpaWebConfiguration : spring.jpa.open-in-view is enabled by default. Therefore, database queries may be performed during view rendering. Explicitly configure spring.jpa.open-in-view to disable this warning
2026-03-05 10:28:32 INFO  [] [main] o.s.v.b.OptionalValidatorFactoryBean : Failed to set up a Bean Validation provider: jakarta.validation.NoProviderFoundException: Unable to create a Configuration, because no Jakarta Bean Validation provider could be found. Add a provider like Hibernate Validator (RI) to your classpath.
2026-03-05 10:28:32 INFO  [] [main] n.d.b.g.s.a.GrpcServerFactoryAutoConfiguration : Detected grpc-netty-shaded: Creating ShadedNettyGrpcServerFactory
2026-03-05 10:28:32 INFO  [] [main] n.d.b.g.c.a.GrpcClientAutoConfiguration : Detected grpc-netty-shaded: Creating ShadedNettyChannelFactory + InProcessChannelFactory
2026-03-05 10:28:32 INFO  [] [main] o.s.b.a.e.web.EndpointLinksResolver : Exposing 3 endpoints beneath base path '/api/v1/insight/actuator'
2026-03-05 10:28:32 INFO  [] [main] o.a.coyote.http11.Http11NioProtocol : Starting ProtocolHandler ["http-nio-8080"]
2026-03-05 10:28:32 INFO  [] [main] o.s.b.w.e.tomcat.TomcatWebServer : Tomcat started on port 8080 (http) with context path '/'
2026-03-05 10:28:32 INFO  [] [main] n.d.b.g.s.s.AbstractGrpcServerFactory : Registered gRPC service: BaseTestGrpcService, bean: baseGrpcController, class: com.planit.basetemplate.grpc.BaseGrpcController
2026-03-05 10:28:32 INFO  [] [main] n.d.b.g.s.s.AbstractGrpcServerFactory : Registered gRPC service: grpc.health.v1.Health, bean: grpcHealthService, class: io.grpc.protobuf.services.HealthServiceImpl
2026-03-05 10:28:32 INFO  [] [main] n.d.b.g.s.s.AbstractGrpcServerFactory : Registered gRPC service: grpc.reflection.v1alpha.ServerReflection, bean: protoReflectionService, class: io.grpc.protobuf.services.ProtoReflectionService
2026-03-05 10:28:32 INFO  [] [main] n.d.b.g.s.s.GrpcServerLifecycle : gRPC Server started, listening on address: *, port: 9090
2026-03-05 10:28:32 INFO  [] [main] com.planit.PlanitApplication : Started PlanitApplication in 7.098 seconds (process running for 7.484)
2026-03-05 10:29:29 INFO  [] [http-nio-8080-exec-1] o.a.c.c.C.[Tomcat].[localhost].[/] : Initializing Spring DispatcherServlet 'dispatcherServlet'
2026-03-05 10:29:29 INFO  [] [http-nio-8080-exec-1] o.s.web.servlet.DispatcherServlet : Initializing Servlet 'dispatcherServlet'
2026-03-05 10:29:29 INFO  [] [http-nio-8080-exec-1] o.s.web.servlet.DispatcherServlet : Completed initialization in 4 ms
2026-03-05 10:29:30 INFO  [69a8dc797a0607f0d92578a30504653b] [http-nio-8080-exec-9] o.s.api.AbstractOpenApiResource : Init duration for springdoc-openapi is: 1142 ms
2026-03-05 10:30:11 INFO  [69a8dca3053a40bfed436d81a2af8160] [http-nio-8080-exec-10] c.p.a.controller.ChatController : Chatbot query received: userId=test-user-001, query=내가 가장 미루기가 심한 요일이 언제야?
2026-03-05 10:30:11 INFO  [69a8dca3053a40bfed436d81a2af8160] [http-nio-8080-exec-10] c.p.analytics.client.AiServiceClient : Calling AI Service - queryChatbot: userId=test-user-001, query=내가 가장 미루기가 심한 요일이 언제야?
2026-03-05 10:30:24 INFO  [69a8dca3053a40bfed436d81a2af8160] [http-nio-8080-exec-10] c.p.analytics.client.AiServiceClient : AI Service chatbot response received: answer length=308
2026-03-05 10:30:24 INFO  [69a8dca3053a40bfed436d81a2af8160] [http-nio-8080-exec-10] c.p.a.controller.ChatController : Chatbot response received: userId=test-user-001, answerLength=308
2026-03-05 10:30:47 INFO  [69a8dcc7476a073b9215465c83e1b218] [http-nio-8080-exec-4] c.p.a.controller.ChatController : Chatbot query received: userId=test-user-001, query=내가 완료율이 가장 떨어지는 날은?
2026-03-05 10:30:47 INFO  [69a8dcc7476a073b9215465c83e1b218] [http-nio-8080-exec-4] c.p.analytics.client.AiServiceClient : Calling AI Service - queryChatbot: userId=test-user-001, query=내가 완료율이 가장 떨어지는 날은?
2026-03-05 10:30:57 INFO  [69a8dcc7476a073b9215465c83e1b218] [http-nio-8080-exec-4] c.p.analytics.client.AiServiceClient : AI Service chatbot response received: answer length=275
2026-03-05 10:30:57 INFO  [69a8dcc7476a073b9215465c83e1b218] [http-nio-8080-exec-4] c.p.a.controller.ChatController : Chatbot response received: userId=test-user-001, answerLength=275
2026-03-05 14:26:18 WARN  [] [HikariPool-1:housekeeper] com.zaxxer.hikari.pool.HikariPool : HikariPool-1 - Thread starvation or clock leap detected (housekeeper delta=3h49m48s844ms766µs100ns).
2026-03-05 16:22:07 INFO  [69a92f1f26c7604298c8b91dbb4d5d18] [http-nio-8080-exec-6] c.p.a.controller.ChatController : Chatbot query received: userId=test-user-001, query=아까 내가 뭐 물어봤었지?
2026-03-05 16:22:07 INFO  [69a92f1f26c7604298c8b91dbb4d5d18] [http-nio-8080-exec-6] c.p.analytics.client.AiServiceClient : Calling AI Service - queryChatbot: userId=test-user-001, query=아까 내가 뭐 물어봤었지?
2026-03-05 16:22:20 INFO  [69a92f1f26c7604298c8b91dbb4d5d18] [http-nio-8080-exec-6] c.p.analytics.client.AiServiceClient : AI Service chatbot response received: answer length=317
2026-03-05 16:22:20 INFO  [69a92f1f26c7604298c8b91dbb4d5d18] [http-nio-8080-exec-6] c.p.a.controller.ChatController : Chatbot response received: userId=test-user-001, answerLength=317
2026-03-05 16:23:08 INFO  [69a92f5c8879b35584c8e679c7d62697] [http-nio-8080-exec-3] c.p.a.controller.ChatController : Chatbot query received: userId=test-user-001, query=나 월요일에 할일 몇개 정도 만들면 좋을지 추천해줘
2026-03-05 16:23:08 INFO  [69a92f5c8879b35584c8e679c7d62697] [http-nio-8080-exec-3] c.p.analytics.client.AiServiceClient : Calling AI Service - queryChatbot: userId=test-user-001, query=나 월요일에 할일 몇개 정도 만들면 좋을지 추천해줘
2026-03-05 16:23:18 INFO  [69a92f5c8879b35584c8e679c7d62697] [http-nio-8080-exec-3] c.p.analytics.client.AiServiceClient : AI Service chatbot response received: answer length=316
2026-03-05 16:23:18 INFO  [69a92f5c8879b35584c8e679c7d62697] [http-nio-8080-exec-3] c.p.a.controller.ChatController : Chatbot response received: userId=test-user-001, answerLength=316
2026-03-05 17:14:13 WARN  [] [HikariPool-1:housekeeper] com.zaxxer.hikari.pool.HikariPool : HikariPool-1 - Thread starvation or clock leap detected (housekeeper delta=35m19s281ms860µs100ns).
2026-03-05 20:43:28 WARN  [] [HikariPool-1:housekeeper] com.zaxxer.hikari.pool.HikariPool : HikariPool-1 - Thread starvation or clock leap detected (housekeeper delta=3h13s987ms577µs800ns).
2026-03-05 21:15:31 INFO  [69a973e30699b5e6416dc902de58b12d] [http-nio-8080-exec-10] c.p.a.controller.ChatController : Chatbot query received: userId=test-user-001, query=나 월요일에 할일 몇개 정도 만들면 좋을지 추천해줘
2026-03-05 21:15:31 INFO  [69a973e30699b5e6416dc902de58b12d] [http-nio-8080-exec-10] c.p.analytics.client.AiServiceClient : Calling AI Service - queryChatbot: userId=test-user-001, query=나 월요일에 할일 몇개 정도 만들면 좋을지 추천해줘
2026-03-05 21:15:43 INFO  [69a973e30699b5e6416dc902de58b12d] [http-nio-8080-exec-10] c.p.analytics.client.AiServiceClient : AI Service chatbot response received: answer length=358
2026-03-05 21:15:43 INFO  [69a973e30699b5e6416dc902de58b12d] [http-nio-8080-exec-10] c.p.a.controller.ChatController : Chatbot response received: userId=test-user-001, answerLength=358
2026-03-05 21:54:55 INFO  [69a97d1f3199d2bf4d437c6f8472f260] [http-nio-8080-exec-4] c.p.a.controller.ChatController : Chatbot query received: userId=test-user-001, query=나 월요일에 할일 몇개 정도 만들면 좋을지 추천해줘
2026-03-05 21:54:55 INFO  [69a97d1f3199d2bf4d437c6f8472f260] [http-nio-8080-exec-4] c.p.analytics.client.AiServiceClient : Calling AI Service - queryChatbot: userId=test-user-001, query=나 월요일에 할일 몇개 정도 만들면 좋을지 추천해줘
2026-03-05 21:54:56 ERROR [] [reactor-http-nio-7] c.p.analytics.client.AiServiceClient : AI Service 5xx error: status=500 INTERNAL_SERVER_ERROR, body={"detail":"챗봇 질의 처리 중 오류가 발생했습니다: Bedrock API 호출 실패: The security token included in the request is expired"}
2026-03-05 21:54:56 ERROR [69a97d1f3199d2bf4d437c6f8472f260] [http-nio-8080-exec-4] c.p.a.controller.ChatController : Chatbot server error: userId=test-user-001, status=500, error=AI Service 서버 에러 (Python/Bedrock 장애): {"detail":"챗봇 질의 처리 중 오류가 발생했습니다: Bedrock API 호출 실패: The security token included in the request is expired"}
2026-03-05 21:59:54 INFO  [69a97e4ae0dfce2c297fc5c25369ca79] [http-nio-8080-exec-6] c.p.a.controller.ChatController : Chatbot query received: userId=test-user-001, query=나 월요일에 할일 몇개 정도 만들면 좋을지 추천해줘
2026-03-05 21:59:54 INFO  [69a97e4ae0dfce2c297fc5c25369ca79] [http-nio-8080-exec-6] c.p.analytics.client.AiServiceClient : Calling AI Service - queryChatbot: userId=test-user-001, query=나 월요일에 할일 몇개 정도 만들면 좋을지 추천해줘
2026-03-05 21:59:54 ERROR [] [reactor-http-nio-8] c.p.analytics.client.AiServiceClient : AI Service 5xx error: status=500 INTERNAL_SERVER_ERROR, body={"detail":"챗봇 질의 처리 중 오류가 발생했습니다: Bedrock API 호출 실패: The security token included in the request is expired"}
2026-03-05 21:59:54 ERROR [69a97e4ae0dfce2c297fc5c25369ca79] [http-nio-8080-exec-6] c.p.a.controller.ChatController : Chatbot server error: userId=test-user-001, status=500, error=AI Service 서버 에러 (Python/Bedrock 장애): {"detail":"챗봇 질의 처리 중 오류가 발생했습니다: Bedrock API 호출 실패: The security token included in the request is expired"}
2026-03-05 22:03:01 INFO  [69a97f057966d94cc7af94dd304ce5b8] [http-nio-8080-exec-8] c.p.a.controller.ChatController : Chatbot query received: userId=test-user-001, query=나 월요일에 할일 몇개 정도 만들면 좋을지 추천해줘
2026-03-05 22:03:01 INFO  [69a97f057966d94cc7af94dd304ce5b8] [http-nio-8080-exec-8] c.p.analytics.client.AiServiceClient : Calling AI Service - queryChatbot: userId=test-user-001, query=나 월요일에 할일 몇개 정도 만들면 좋을지 추천해줘
2026-03-05 22:03:12 INFO  [69a97f057966d94cc7af94dd304ce5b8] [http-nio-8080-exec-8] c.p.analytics.client.AiServiceClient : AI Service chatbot response received: answer length=321
2026-03-05 22:03:12 INFO  [69a97f057966d94cc7af94dd304ce5b8] [http-nio-8080-exec-8] c.p.a.controller.ChatController : Chatbot response received: userId=test-user-001, answerLength=321
2026-03-05 22:34:33 WARN  [] [HikariPool-1:housekeeper] com.zaxxer.hikari.pool.HikariPool : HikariPool-1 - Thread starvation or clock leap detected (housekeeper delta=21m3s3ms35µs600ns).
2026-03-05 22:42:20 INFO  [69a9883c0016a268562c70fdd0e4c703] [http-nio-8080-exec-9] c.p.a.controller.FeedbackController : GET /api/v1/feedbacks/dashboard - userId: test-user-001, yearMonth: 2026-02, week: 9
2026-03-05 22:42:20 INFO  [69a9883c0016a268562c70fdd0e4c703] [http-nio-8080-exec-9] c.p.a.service.FeedbackService : Getting dashboard for user: test-user-001, yearMonth: 2026-02, week: 9
2026-03-05 22:42:20 INFO  [69a9883c0016a268562c70fdd0e4c703] [http-nio-8080-exec-9] c.p.a.repository.DynamoDBRepository : Successfully retrieved report from DynamoDB: PK=USER#test-user-001, SK=REPORT#2026-02#GROWTH
2026-03-05 22:42:21 INFO  [69a9883c0016a268562c70fdd0e4c703] [http-nio-8080-exec-9] c.p.a.repository.DynamoDBRepository : Successfully retrieved report from DynamoDB: PK=USER#test-user-001, SK=REPORT#2026-02#TIMELINE
2026-03-05 22:42:21 INFO  [69a9883c0016a268562c70fdd0e4c703] [http-nio-8080-exec-9] c.p.a.repository.DynamoDBRepository : Successfully retrieved weekly report from DynamoDB: PK=USER#test-user-001, SK=REPORT#2026-02-23#PATTERN#W09
2026-03-05 22:42:21 INFO  [69a9883c0016a268562c70fdd0e4c703] [http-nio-8080-exec-9] c.p.a.repository.DynamoDBRepository : Successfully retrieved weekly report from DynamoDB: PK=USER#test-user-001, SK=REPORT#2026-02-23#SUMMARY#W09
2026-03-05 22:42:21 INFO  [69a9883c0016a268562c70fdd0e4c703] [http-nio-8080-exec-9] c.p.a.service.FeedbackService : Dashboard generated for user: test-user-001
