2026-03-09 00:03:15 INFO  [69ad8fb3d4ea25790ae954d7bfd32bd9] [http-nio-8084-exec-5] c.p.a.controller.FeedbackController : GET /api/v1/feedbacks/dashboard - userId: test-user-001, yearMonth: 2026-03, week: 2
2026-03-09 00:03:15 INFO  [69ad8fb3d4ea25790ae954d7bfd32bd9] [http-nio-8084-exec-5] c.p.a.service.FeedbackService : Getting dashboard for user: test-user-001, yearMonth: 2026-03, week: 2
2026-03-09 00:03:15 INFO  [69ad8fb3d4ea25790ae954d7bfd32bd9] [http-nio-8084-exec-5] c.p.a.repository.DynamoDBRepository : Successfully retrieved report from DynamoDB: PK=USER#test-user-001, SK=REPORT#2026-03#GROWTH
2026-03-09 00:03:15 INFO  [69ad8fb3d4ea25790ae954d7bfd32bd9] [http-nio-8084-exec-5] c.p.a.repository.DynamoDBRepository : Successfully retrieved report from DynamoDB: PK=USER#test-user-001, SK=REPORT#2026-03#TIMELINE
2026-03-09 00:03:15 INFO  [69ad8fb3d4ea25790ae954d7bfd32bd9] [http-nio-8084-exec-5] c.p.a.repository.DynamoDBRepository : Successfully retrieved report from DynamoDB: PK=USER#test-user-001, SK=REPORT#2026-03#PATTERN
2026-03-09 00:03:15 INFO  [69ad8fb3d4ea25790ae954d7bfd32bd9] [http-nio-8084-exec-5] c.p.a.repository.DynamoDBRepository : Successfully retrieved report from DynamoDB: PK=USER#test-user-001, SK=REPORT#2026-03#SUMMARY
2026-03-09 00:03:15 INFO  [69ad8fb3d4ea25790ae954d7bfd32bd9] [http-nio-8084-exec-5] c.p.a.service.FeedbackService : Dashboard generated for user: test-user-001
2026-03-09 00:03:15 INFO  [69ad8fb30bf076786936bb9f1bd91499] [http-nio-8084-exec-6] c.p.a.controller.FeedbackController : GET /api/v1/feedbacks/dashboard - userId: test-user-001, yearMonth: 2026-03, week: 2
2026-03-09 00:03:15 INFO  [69ad8fb30bf076786936bb9f1bd91499] [http-nio-8084-exec-6] c.p.a.service.FeedbackService : Getting dashboard for user: test-user-001, yearMonth: 2026-03, week: 2
2026-03-09 00:03:15 INFO  [69ad8fb30bf076786936bb9f1bd91499] [http-nio-8084-exec-6] c.p.a.repository.DynamoDBRepository : Successfully retrieved report from DynamoDB: PK=USER#test-user-001, SK=REPORT#2026-03#GROWTH
2026-03-09 00:03:15 INFO  [69ad8fb30bf076786936bb9f1bd91499] [http-nio-8084-exec-6] c.p.a.repository.DynamoDBRepository : Successfully retrieved report from DynamoDB: PK=USER#test-user-001, SK=REPORT#2026-03#TIMELINE
2026-03-09 00:03:15 INFO  [69ad8fb30bf076786936bb9f1bd91499] [http-nio-8084-exec-6] c.p.a.repository.DynamoDBRepository : Successfully retrieved report from DynamoDB: PK=USER#test-user-001, SK=REPORT#2026-03#PATTERN
2026-03-09 00:03:15 INFO  [69ad8fb30bf076786936bb9f1bd91499] [http-nio-8084-exec-6] c.p.a.repository.DynamoDBRepository : Successfully retrieved report from DynamoDB: PK=USER#test-user-001, SK=REPORT#2026-03#SUMMARY
2026-03-09 00:03:15 INFO  [69ad8fb30bf076786936bb9f1bd91499] [http-nio-8084-exec-6] c.p.a.service.FeedbackService : Dashboard generated for user: test-user-001
2026-03-09 00:03:23 INFO  [69ad8fbb5c5984b0a0292a037a7071b9] [http-nio-8084-exec-4] c.p.a.controller.ChatbotController : [ChatbotController] Received query: user=test-user-001, query=ㅇㅇ
2026-03-09 00:03:23 INFO  [69ad8fbb5c5984b0a0292a037a7071b9] [http-nio-8084-exec-4] c.p.analytics.grpc.ChatGrpcClient : [ChatGrpc] Querying chatbot: user=test-user-001, query=ㅇㅇ
2026-03-09 00:03:27 INFO  [69ad8fbb5c5984b0a0292a037a7071b9] [http-nio-8084-exec-4] c.p.analytics.grpc.ChatGrpcClient : [ChatGrpc] Response received: answer_length=69, sources=1
2026-03-09 00:03:27 INFO  [69ad8fbb5c5984b0a0292a037a7071b9] [http-nio-8084-exec-4] c.p.a.controller.ChatbotController : [ChatbotController] Query completed: user=test-user-001, answer_length=69
2026-03-09 00:15:04 INFO  [69ad92782f64eb1d273b59fa9d733c6c] [http-nio-8084-exec-2] c.p.a.controller.ChatbotController : [ChatbotController] Received query: user=test-user-001, query=내가 월요일에 할일을 많이 미루는 편인가?
2026-03-09 00:15:04 INFO  [69ad92782f64eb1d273b59fa9d733c6c] [http-nio-8084-exec-2] c.p.analytics.grpc.ChatGrpcClient : [ChatGrpc] Querying chatbot: user=test-user-001, query=내가 월요일에 할일을 많이 미루는 편인가?
2026-03-09 00:15:10 INFO  [69ad92782f64eb1d273b59fa9d733c6c] [http-nio-8084-exec-2] c.p.analytics.grpc.ChatGrpcClient : [ChatGrpc] Response received: answer_length=98, sources=1
2026-03-09 00:15:10 INFO  [69ad92782f64eb1d273b59fa9d733c6c] [http-nio-8084-exec-2] c.p.a.controller.ChatbotController : [ChatbotController] Query completed: user=test-user-001, answer_length=98
2026-03-09 00:25:38 INFO  [] [Test worker] c.p.b.PlanitBaseTemplateApplicationTests : Starting PlanitBaseTemplateApplicationTests using Java 17.0.17 with PID 42576 (started by DS11 in C:\workspace\PlanIt\PlanIt-Insight-svc)
2026-03-09 00:25:38 INFO  [] [Test worker] c.p.b.PlanitBaseTemplateApplicationTests : No active profile set, falling back to 1 default profile: "default"
2026-03-09 00:25:40 INFO  [] [Test worker] o.s.d.r.c.RepositoryConfigurationDelegate : Bootstrapping Spring Data JPA repositories in DEFAULT mode.
2026-03-09 00:25:41 INFO  [] [Test worker] o.s.d.r.c.RepositoryConfigurationDelegate : Finished Spring Data repository scanning in 195 ms. Found 5 JPA repository interfaces.
2026-03-09 00:25:42 INFO  [] [Test worker] o.h.jpa.internal.util.LogHelper : HHH000204: Processing PersistenceUnitInfo [name: default]
2026-03-09 00:25:42 INFO  [] [Test worker] org.hibernate.Version : HHH000412: Hibernate ORM core version 6.6.42.Final
2026-03-09 00:25:42 INFO  [] [Test worker] o.h.c.i.RegionFactoryInitiator : HHH000026: Second-level cache disabled
2026-03-09 00:25:42 INFO  [] [Test worker] o.s.o.j.p.SpringPersistenceUnitInfo : No LoadTimeWeaver setup: ignoring JPA class transformer
2026-03-09 00:25:42 INFO  [] [Test worker] com.zaxxer.hikari.HikariDataSource : HikariPool-1 - Starting...
2026-03-09 00:25:42 INFO  [] [Test worker] com.zaxxer.hikari.pool.HikariPool : HikariPool-1 - Added connection org.mariadb.jdbc.Connection@6778636f
2026-03-09 00:25:42 INFO  [] [Test worker] com.zaxxer.hikari.HikariDataSource : HikariPool-1 - Start completed.
2026-03-09 00:25:42 INFO  [] [Test worker] o.hibernate.orm.connections.pooling : HHH10001005: Database info:
	Database JDBC URL [Connecting through datasource 'HikariDataSource (HikariPool-1)']
	Database driver: undefined/unknown
	Database version: 11.8.3
	Autocommit mode: undefined/unknown
	Isolation level: undefined/unknown
	Minimum pool size: undefined/unknown
	Maximum pool size: undefined/unknown
2026-03-09 00:25:43 INFO  [] [Test worker] o.h.e.t.j.p.i.JtaPlatformInitiator : HHH000489: No JTA platform available (set 'hibernate.transaction.jta.platform' to enable JTA platform integration)
2026-03-09 00:25:43 INFO  [] [Test worker] o.s.o.j.LocalContainerEntityManagerFactoryBean : Initialized JPA EntityManagerFactory for persistence unit 'default'
2026-03-09 00:25:44 INFO  [] [Test worker] o.s.d.j.r.query.QueryEnhancerFactory : Hibernate is in classpath; If applicable, HQL parser will be used.
2026-03-09 00:25:45 INFO  [] [Test worker] n.d.b.g.c.a.GrpcClientAutoConfiguration : Detected grpc-netty-shaded: Creating ShadedNettyChannelFactory + InProcessChannelFactory
2026-03-09 00:25:47 WARN  [] [Test worker] o.s.b.a.o.j.JpaBaseConfiguration$JpaWebConfiguration : spring.jpa.open-in-view is enabled by default. Therefore, database queries may be performed during view rendering. Explicitly configure spring.jpa.open-in-view to disable this warning
2026-03-09 00:25:47 INFO  [] [Test worker] o.s.b.a.e.web.EndpointLinksResolver : Exposing 3 endpoints beneath base path '/api/v1/insight/actuator'
2026-03-09 00:25:47 WARN  [] [Test worker] o.s.b.a.s.s.UserDetailsServiceAutoConfiguration : 

Using generated security password: 726e684c-9137-437d-8cf5-12de0dedcf3e

This generated password is for development use only. Your security configuration must be updated before running your application in production.

2026-03-09 00:25:47 INFO  [] [Test worker] o.s.s.c.a.a.c.InitializeUserDetailsBeanManagerConfigurer$InitializeUserDetailsManagerConfigurer : Global AuthenticationManager configured with UserDetailsService bean with name inMemoryUserDetailsManager
2026-03-09 00:25:48 INFO  [] [Test worker] o.s.v.b.OptionalValidatorFactoryBean : Failed to set up a Bean Validation provider: jakarta.validation.NoProviderFoundException: Unable to create a Configuration, because no Jakarta Bean Validation provider could be found. Add a provider like Hibernate Validator (RI) to your classpath.
2026-03-09 00:25:48 INFO  [] [Test worker] n.d.b.g.s.a.GrpcServerFactoryAutoConfiguration : Detected grpc-netty-shaded: Creating ShadedNettyGrpcServerFactory
2026-03-09 00:25:48 INFO  [] [Test worker] n.d.b.g.s.s.AbstractGrpcServerFactory : Registered gRPC service: actionlog.ActionLogService, bean: actionLogServiceImpl, class: com.planit.analytics.grpc.ActionLogServiceImpl
2026-03-09 00:25:48 INFO  [] [Test worker] n.d.b.g.s.s.AbstractGrpcServerFactory : Registered gRPC service: BaseTestGrpcService, bean: baseGrpcController, class: com.planit.basetemplate.grpc.BaseGrpcController
2026-03-09 00:25:48 INFO  [] [Test worker] n.d.b.g.s.s.AbstractGrpcServerFactory : Registered gRPC service: grpc.health.v1.Health, bean: grpcHealthService, class: io.grpc.protobuf.services.HealthServiceImpl
2026-03-09 00:25:48 INFO  [] [Test worker] n.d.b.g.s.s.AbstractGrpcServerFactory : Registered gRPC service: grpc.reflection.v1alpha.ServerReflection, bean: protoReflectionService, class: io.grpc.protobuf.services.ProtoReflectionService
2026-03-09 00:25:48 INFO  [] [Test worker] n.d.b.g.s.s.GrpcServerLifecycle : gRPC Server started, listening on address: *, port: 9092
2026-03-09 00:25:48 INFO  [] [Test worker] c.p.b.PlanitBaseTemplateApplicationTests : Started PlanitBaseTemplateApplicationTests in 10.549 seconds (process running for 12.006)
2026-03-09 00:25:49 INFO  [] [SpringApplicationShutdownHook] n.d.b.g.s.s.GrpcServerLifecycle : Completed gRPC server shutdown
2026-03-09 00:25:49 INFO  [] [SpringApplicationShutdownHook] o.s.o.j.LocalContainerEntityManagerFactoryBean : Closing JPA EntityManagerFactory for persistence unit 'default'
2026-03-09 00:25:49 INFO  [] [SpringApplicationShutdownHook] com.zaxxer.hikari.HikariDataSource : HikariPool-1 - Shutdown initiated...
2026-03-09 00:25:49 INFO  [] [SpringApplicationShutdownHook] com.zaxxer.hikari.HikariDataSource : HikariPool-1 - Shutdown completed.
2026-03-09 00:27:31 INFO  [] [main] com.planit.PlanitApplication : Starting PlanitApplication using Java 17.0.17 with PID 20524 (C:\workspace\PlanIt\PlanIt-Insight-svc\build\classes\java\main started by DS11 in C:\workspace\PlanIt\PlanIt-Insight-svc)
2026-03-09 00:27:31 INFO  [] [main] com.planit.PlanitApplication : No active profile set, falling back to 1 default profile: "default"
2026-03-09 00:27:32 INFO  [] [main] o.s.d.r.c.RepositoryConfigurationDelegate : Bootstrapping Spring Data JPA repositories in DEFAULT mode.
2026-03-09 00:27:32 INFO  [] [main] o.s.d.r.c.RepositoryConfigurationDelegate : Finished Spring Data repository scanning in 138 ms. Found 5 JPA repository interfaces.
2026-03-09 00:27:33 INFO  [] [main] o.s.b.w.e.tomcat.TomcatWebServer : Tomcat initialized with port 8084 (http)
2026-03-09 00:27:33 INFO  [] [main] o.a.coyote.http11.Http11NioProtocol : Initializing ProtocolHandler ["http-nio-8084"]
2026-03-09 00:27:33 INFO  [] [main] o.a.catalina.core.StandardService : Starting service [Tomcat]
2026-03-09 00:27:33 INFO  [] [main] o.a.catalina.core.StandardEngine : Starting Servlet engine: [Apache Tomcat/10.1.52]
2026-03-09 00:27:33 INFO  [] [main] o.a.c.c.C.[Tomcat].[localhost].[/] : Initializing Spring embedded WebApplicationContext
2026-03-09 00:27:33 INFO  [] [main] o.s.b.w.s.c.ServletWebServerApplicationContext : Root WebApplicationContext: initialization completed in 2034 ms
2026-03-09 00:27:33 INFO  [] [main] o.h.jpa.internal.util.LogHelper : HHH000204: Processing PersistenceUnitInfo [name: default]
2026-03-09 00:27:33 INFO  [] [main] org.hibernate.Version : HHH000412: Hibernate ORM core version 6.6.42.Final
2026-03-09 00:27:33 INFO  [] [main] o.h.c.i.RegionFactoryInitiator : HHH000026: Second-level cache disabled
2026-03-09 00:27:34 INFO  [] [main] o.s.o.j.p.SpringPersistenceUnitInfo : No LoadTimeWeaver setup: ignoring JPA class transformer
2026-03-09 00:27:34 INFO  [] [main] com.zaxxer.hikari.HikariDataSource : HikariPool-1 - Starting...
2026-03-09 00:27:34 INFO  [] [main] com.zaxxer.hikari.pool.HikariPool : HikariPool-1 - Added connection org.mariadb.jdbc.Connection@6d8096ee
2026-03-09 00:27:34 INFO  [] [main] com.zaxxer.hikari.HikariDataSource : HikariPool-1 - Start completed.
2026-03-09 00:27:34 INFO  [] [main] o.hibernate.orm.connections.pooling : HHH10001005: Database info:
	Database JDBC URL [Connecting through datasource 'HikariDataSource (HikariPool-1)']
	Database driver: undefined/unknown
	Database version: 11.8.3
	Autocommit mode: undefined/unknown
	Isolation level: undefined/unknown
	Minimum pool size: undefined/unknown
	Maximum pool size: undefined/unknown
2026-03-09 00:27:35 INFO  [] [main] o.h.e.t.j.p.i.JtaPlatformInitiator : HHH000489: No JTA platform available (set 'hibernate.transaction.jta.platform' to enable JTA platform integration)
2026-03-09 00:27:35 INFO  [] [main] o.s.o.j.LocalContainerEntityManagerFactoryBean : Initialized JPA EntityManagerFactory for persistence unit 'default'
2026-03-09 00:27:35 INFO  [] [main] o.s.d.j.r.query.QueryEnhancerFactory : Hibernate is in classpath; If applicable, HQL parser will be used.
2026-03-09 00:27:36 INFO  [] [main] n.d.b.g.c.a.GrpcClientAutoConfiguration : Detected grpc-netty-shaded: Creating ShadedNettyChannelFactory + InProcessChannelFactory
2026-03-09 00:27:36 WARN  [] [main] o.s.b.a.o.j.JpaBaseConfiguration$JpaWebConfiguration : spring.jpa.open-in-view is enabled by default. Therefore, database queries may be performed during view rendering. Explicitly configure spring.jpa.open-in-view to disable this warning
2026-03-09 00:27:37 INFO  [] [main] o.s.b.a.e.web.EndpointLinksResolver : Exposing 3 endpoints beneath base path '/api/v1/insight/actuator'
2026-03-09 00:27:37 WARN  [] [main] o.s.b.a.s.s.UserDetailsServiceAutoConfiguration : 

Using generated security password: b3d2fa5a-6975-4dae-8224-aaaddd49bd65

This generated password is for development use only. Your security configuration must be updated before running your application in production.

2026-03-09 00:27:37 INFO  [] [main] o.s.s.c.a.a.c.InitializeUserDetailsBeanManagerConfigurer$InitializeUserDetailsManagerConfigurer : Global AuthenticationManager configured with UserDetailsService bean with name inMemoryUserDetailsManager
2026-03-09 00:27:37 INFO  [] [main] o.s.v.b.OptionalValidatorFactoryBean : Failed to set up a Bean Validation provider: jakarta.validation.NoProviderFoundException: Unable to create a Configuration, because no Jakarta Bean Validation provider could be found. Add a provider like Hibernate Validator (RI) to your classpath.
2026-03-09 00:27:37 INFO  [] [main] n.d.b.g.s.a.GrpcServerFactoryAutoConfiguration : Detected grpc-netty-shaded: Creating ShadedNettyGrpcServerFactory
2026-03-09 00:27:37 INFO  [] [main] o.a.coyote.http11.Http11NioProtocol : Starting ProtocolHandler ["http-nio-8084"]
2026-03-09 00:27:37 INFO  [] [main] o.s.b.w.e.tomcat.TomcatWebServer : Tomcat started on port 8084 (http) with context path '/'
2026-03-09 00:27:37 INFO  [] [main] n.d.b.g.s.s.AbstractGrpcServerFactory : Registered gRPC service: actionlog.ActionLogService, bean: actionLogServiceImpl, class: com.planit.analytics.grpc.ActionLogServiceImpl
2026-03-09 00:27:37 INFO  [] [main] n.d.b.g.s.s.AbstractGrpcServerFactory : Registered gRPC service: BaseTestGrpcService, bean: baseGrpcController, class: com.planit.basetemplate.grpc.BaseGrpcController
2026-03-09 00:27:37 INFO  [] [main] n.d.b.g.s.s.AbstractGrpcServerFactory : Registered gRPC service: grpc.health.v1.Health, bean: grpcHealthService, class: io.grpc.protobuf.services.HealthServiceImpl
2026-03-09 00:27:37 INFO  [] [main] n.d.b.g.s.s.AbstractGrpcServerFactory : Registered gRPC service: grpc.reflection.v1alpha.ServerReflection, bean: protoReflectionService, class: io.grpc.protobuf.services.ProtoReflectionService
2026-03-09 00:27:37 INFO  [] [main] n.d.b.g.s.s.GrpcServerLifecycle : gRPC Server started, listening on address: *, port: 9092
2026-03-09 00:27:37 INFO  [] [main] com.planit.PlanitApplication : Started PlanitApplication in 6.771 seconds (process running for 7.143)
2026-03-09 00:27:56 INFO  [] [http-nio-8084-exec-1] o.a.c.c.C.[Tomcat].[localhost].[/] : Initializing Spring DispatcherServlet 'dispatcherServlet'
2026-03-09 00:27:56 INFO  [] [http-nio-8084-exec-1] o.s.web.servlet.DispatcherServlet : Initializing Servlet 'dispatcherServlet'
2026-03-09 00:27:56 INFO  [] [http-nio-8084-exec-1] o.s.web.servlet.DispatcherServlet : Completed initialization in 2 ms
2026-03-09 00:27:56 INFO  [69ad957cc05b5240f5639a9fe92361a1] [http-nio-8084-exec-1] c.p.a.controller.ChatbotController : [ChatbotController] Received query: user=test-user-001, query=월요일에 할일을 자주 미루는 편인지 확인해줘 
2026-03-09 00:27:56 INFO  [69ad957cc05b5240f5639a9fe92361a1] [http-nio-8084-exec-1] c.p.analytics.grpc.ChatGrpcClient : [ChatGrpc] Querying chatbot: user=test-user-001, query=월요일에 할일을 자주 미루는 편인지 확인해줘 
2026-03-09 00:28:03 INFO  [69ad957cc05b5240f5639a9fe92361a1] [http-nio-8084-exec-1] c.p.analytics.grpc.ChatGrpcClient : [ChatGrpc] Response received: answer_length=102, sources=1
2026-03-09 00:28:03 INFO  [69ad957cc05b5240f5639a9fe92361a1] [http-nio-8084-exec-1] c.p.a.controller.ChatbotController : [ChatbotController] Query completed: user=test-user-001, answer_length=102
2026-03-09 00:31:34 INFO  [69ad9656033060bf901fa9168cdd04b1] [http-nio-8084-exec-3] c.p.a.controller.ChatbotController : [ChatbotController] Received query: user=test-user-001, query=월요일에 할일을 미루는 편인가
2026-03-09 00:31:34 INFO  [69ad9656033060bf901fa9168cdd04b1] [http-nio-8084-exec-3] c.p.analytics.grpc.ChatGrpcClient : [ChatGrpc] Querying chatbot: user=test-user-001, query=월요일에 할일을 미루는 편인가
2026-03-09 00:31:41 INFO  [69ad9656033060bf901fa9168cdd04b1] [http-nio-8084-exec-3] c.p.analytics.grpc.ChatGrpcClient : [ChatGrpc] Response received: answer_length=124, sources=1
2026-03-09 00:31:41 INFO  [69ad9656033060bf901fa9168cdd04b1] [http-nio-8084-exec-3] c.p.a.controller.ChatbotController : [ChatbotController] Query completed: user=test-user-001, answer_length=124
2026-03-09 00:31:48 INFO  [69ad9664a332b37b1a11969ce7a0d81c] [http-nio-8084-exec-4] c.p.a.controller.ChatbotController : [ChatbotController] Received query: user=test-user-001, query=화요일에 미루는 편인가
2026-03-09 00:31:48 INFO  [69ad9664a332b37b1a11969ce7a0d81c] [http-nio-8084-exec-4] c.p.analytics.grpc.ChatGrpcClient : [ChatGrpc] Querying chatbot: user=test-user-001, query=화요일에 미루는 편인가
2026-03-09 00:31:53 INFO  [69ad9664a332b37b1a11969ce7a0d81c] [http-nio-8084-exec-4] c.p.analytics.grpc.ChatGrpcClient : [ChatGrpc] Response received: answer_length=89, sources=1
2026-03-09 00:31:53 INFO  [69ad9664a332b37b1a11969ce7a0d81c] [http-nio-8084-exec-4] c.p.a.controller.ChatbotController : [ChatbotController] Query completed: user=test-user-001, answer_length=89
